2026-04-09 10:13:40,694 [INFO] ==================================================
2026-04-09 10:13:40,753 [INFO] ==================================================
2026-04-09 10:13:46,631 [ERROR] --- ERROR DETAILS ---
Traceback (most recent call last):
  File "D:\Projects\Equimaster-Ai\src\update_data.py", line 61, in <module>
    update_all_stocks()
    ~~~~~~~~~~~~~~~~~^^
  File "D:\Projects\Equimaster-Ai\src\update_data.py", line 27, in update_all_stocks
    print(f"Starting Daily Data Fetch at {datetime.datetime.now().strftime('%Y-%m-%d %H:%M:%S')}")
    ~~~~~^^^^^^^^^^^^^^^^^^^^^^^^^^^^^^^^^^^^^^^^^^^^^^^^^^^^^^^^^^^^^^^^^^^^^^^^^^^^^^^^^^^^^^^^^^^^
  File "C:\Python313\Lib\encodings\cp1252.py", line 19, in encode
    return codecs.charmap_encode(input,self.errors,encoding_table)[0]
           ~~~~~~~~~~~~~~~~~~~~~^^^^^^^^^^^^^^^^^^^^^^^^^^^^^^^^^^
UnicodeEncodeError: 'charmap' codec can't encode character in position 0: character maps to <undefined>

---------------------
2026-04-09 10:13:56,020 [INFO] ==================================================
2026-04-09 10:13:56,026 [INFO] ==================================================
2026-04-09 10:13:57,091 [ERROR] --- ERROR DETAILS ---
Traceback (most recent call last):
  File "D:\Projects\Equimaster-Ai\src\update_data.py", line 61, in <module>
    update_all_stocks()
    ~~~~~~~~~~~~~~~~~^^
  File "D:\Projects\Equimaster-Ai\src\update_data.py", line 27, in update_all_stocks
    print(f"Starting Daily Data Fetch at {datetime.datetime.now().strftime('%Y-%m-%d %H:%M:%S')}")
    ~~~~~^^^^^^^^^^^^^^^^^^^^^^^^^^^^^^^^^^^^^^^^^^^^^^^^^^^^^^^^^^^^^^^^^^^^^^^^^^^^^^^^^^^^^^^^^^^^
  File "C:\Python313\Lib\encodings\cp1252.py", line 19, in encode
    return codecs.charmap_encode(input,self.errors,encoding_table)[0]
           ~~~~~~~~~~~~~~~~~~~~~^^^^^^^^^^^^^^^^^^^^^^^^^^^^^^^^^^
UnicodeEncodeError: 'charmap' codec can't encode character in position 0: character maps to <undefined>

---------------------
2026-04-09 10:14:03,930 [INFO] ==================================================
2026-04-09 10:14:03,937 [INFO] ==================================================
2026-04-09 10:14:05,062 [ERROR] --- ERROR DETAILS ---
Traceback (most recent call last):
  File "D:\Projects\Equimaster-Ai\src\update_data.py", line 61, in <module>
    update_all_stocks()
    ~~~~~~~~~~~~~~~~~^^
  File "D:\Projects\Equimaster-Ai\src\update_data.py", line 27, in update_all_stocks
    print(f"Starting Daily Data Fetch at {datetime.datetime.now().strftime('%Y-%m-%d %H:%M:%S')}")
    ~~~~~^^^^^^^^^^^^^^^^^^^^^^^^^^^^^^^^^^^^^^^^^^^^^^^^^^^^^^^^^^^^^^^^^^^^^^^^^^^^^^^^^^^^^^^^^^^^
  File "C:\Python313\Lib\encodings\cp1252.py", line 19, in encode
    return codecs.charmap_encode(input,self.errors,encoding_table)[0]
           ~~~~~~~~~~~~~~~~~~~~~^^^^^^^^^^^^^^^^^^^^^^^^^^^^^^^^^^
UnicodeEncodeError: 'charmap' codec can't encode character in position 0: character maps to <undefined>

---------------------
2026-04-09 10:16:48,808 [INFO] ==================================================
2026-04-09 10:16:48,808 [INFO] EQUIMASTER-AI MASTER PIPELINE INITIALIZED
2026-04-09 10:16:48,808 [INFO] ==================================================
2026-04-09 10:16:48,808 [INFO] Starting Step: Fetch Fresh Market Data (src/update_data.py)
2026-04-09 10:18:13,283 [INFO] SUCCESS: Fetch Fresh Market Data completed in 84.47 seconds.
2026-04-09 10:18:13,283 [INFO] Starting Step: Calculate Technical Indicators (src/preprocessor.py)
2026-04-09 10:18:19,867 [INFO] SUCCESS: Calculate Technical Indicators completed in 6.58 seconds.
2026-04-09 10:18:19,867 [INFO] Starting Step: Generate LSTM Sequences (src/data_sequencer.py)
2026-04-09 10:18:27,179 [INFO] SUCCESS: Generate LSTM Sequences completed in 7.31 seconds.
2026-04-09 10:18:27,179 [INFO] ==================================================
2026-04-09 10:18:27,180 [INFO] PIPELINE COMPLETE! All systems ready for tomorrow's market.
2026-04-09 10:18:27,180 [INFO] Total Execution Time: 98.37 seconds
2026-04-09 10:18:27,180 [INFO] ==================================================
2026-04-09 10:18:35,497 [INFO] ==================================================
2026-04-09 10:18:35,497 [INFO] EQUIMASTER-AI MASTER PIPELINE INITIALIZED
2026-04-09 10:18:35,497 [INFO] ==================================================
2026-04-09 10:18:35,498 [INFO] Starting Step: Fetch Fresh Market Data (src/update_data.py)
2026-04-09 10:20:11,880 [INFO] SUCCESS: Fetch Fresh Market Data completed in 96.38 seconds.
2026-04-09 10:20:11,881 [INFO] Starting Step: Calculate Technical Indicators (src/preprocessor.py)
2026-04-09 10:20:15,271 [INFO] SUCCESS: Calculate Technical Indicators completed in 3.39 seconds.
2026-04-09 10:20:15,272 [INFO] Starting Step: Generate LSTM Sequences (src/data_sequencer.py)
2026-04-09 10:20:19,271 [INFO] SUCCESS: Generate LSTM Sequences completed in 4.00 seconds.
2026-04-09 10:20:19,271 [INFO] ==================================================
2026-04-09 10:20:19,271 [INFO] PIPELINE COMPLETE! All systems ready for tomorrow's market.
2026-04-09 16:28:36,970 [INFO] Total Execution Time: 101.07 seconds
2026-04-09 16:28:36,970 [INFO] ==================================================
2026-04-09 16:35:33,768 [INFO] ==================================================
2026-04-09 16:35:33,769 [INFO] EQUIMASTER-AI MASTER PIPELINE INITIALIZED
2026-04-09 16:35:33,769 [INFO] ==================================================
2026-04-09 16:35:33,769 [INFO] Starting Step: Fetch Fresh Market Data (src/update_data.py)
2026-04-09 16:36:39,312 [INFO] SUCCESS: Fetch Fresh Market Data completed in 65.54 seconds.
2026-04-09 16:36:39,789 [INFO] Up-to-date processed tickers: 50
2026-04-09 16:36:39,789 [INFO] Stale/missing processed tickers: 0
2026-04-09 16:36:39,790 [INFO] Starting Step: Calculate Technical Indicators (src/preprocessor.py)
2026-04-09 16:36:42,480 [INFO] SUCCESS: Calculate Technical Indicators completed in 2.69 seconds.
2026-04-09 16:36:42,480 [INFO] Starting Step: Generate LSTM Sequences (src/data_sequencer.py)
2026-04-09 16:36:45,779 [INFO] SUCCESS: Generate LSTM Sequences completed in 3.30 seconds.
2026-04-09 16:36:45,779 [INFO] Starting Step: Train LSTM Models (src/train_model.py)
2026-04-09 16:45:07,504 [INFO] SUCCESS: Train LSTM Models completed in 501.72 seconds.
2026-04-09 16:45:07,506 [INFO] ==================================================
2026-04-09 16:45:07,507 [INFO] PIPELINE COMPLETE! All systems ready for tomorrow's market.
2026-04-09 16:45:07,507 [INFO] Total Execution Time: 573.74 seconds
2026-04-09 16:45:07,507 [INFO] ==================================================
